// Vitest Snapshot v1, https://vitest.dev/guide/snapshot.html

exports[`handle multi documents yaml files 1`] = `
"var data = [
  {
    "apiVersion": "batch/v1",
    "kind": "CronJob",
    "metadata": {
      "name": "first-cronjob",
      "namespace": "default"
    },
    "spec": {
      "schedule": "*/10 * * * *",
      "concurrencyPolicy": "Forbid",
      "successfulJobsHistoryLimit": 3,
      "failedJobsHistoryLimit": 1,
      "jobTemplate": {
        "spec": {
          "template": {
            "spec": {
              "containers": [
                {
                  "name": "first-job",
                  "image": "busybox:latest",
                  "command": [
                    "/bin/sh",
                    "-c",
                    'echo "First job running"; date'
                  ]
                }
              ],
              "restartPolicy": "OnFailure"
            }
          }
        }
      }
    }
  },
  {
    "apiVersion": "batch/v1",
    "kind": "CronJob",
    "metadata": {
      "name": "second-cronjob",
      "namespace": "default"
    },
    "spec": {
      "schedule": "0 0 * * *",
      "concurrencyPolicy": "Forbid",
      "successfulJobsHistoryLimit": 3,
      "failedJobsHistoryLimit": 1,
      "jobTemplate": {
        "spec": {
          "template": {
            "spec": {
              "containers": [
                {
                  "name": "second-job",
                  "image": "busybox:latest",
                  "command": [
                    "/bin/sh",
                    "-c",
                    'echo "Second job running"; date'
                  ]
                }
              ],
              "restartPolicy": "OnFailure"
            }
          }
        }
      }
    }
  }
];
var cronjobs_default = data;

console.log(cronjobs_default);
"
`;
